[     396ms] [WARNING] <link rel=preload> uses an unsupported `as` value @ http://localhost:3000/parshads:0
[     396ms] [WARNING] <link rel=preload> uses an unsupported `as` value @ http://localhost:3000/parshads:0
[     396ms] [WARNING] <link rel=preload> uses an unsupported `as` value @ http://localhost:3000/parshads:0
[     396ms] [WARNING] <link rel=preload> uses an unsupported `as` value @ http://localhost:3000/parshads:0
[    1228ms] [INFO] %cDownload the React DevTools for a better development experience: https://react.dev/link/react-devtools font-weight:bold @ webpack-internal:///(app-pages-browser)/./node_modules/next/dist/next-devtools/shared/forward-logs-shared.js:27
[    1395ms] [LOG] [HMR] connected @ webpack-internal:///(app-pages-browser)/./node_modules/next/dist/next-devtools/shared/forward-logs-shared.js:27
[    1571ms] [ERROR] A tree hydrated but some attributes of the server rendered HTML didn't match the client properties. This won't be patched up. This can happen if a SSR-ed Client Component used:

- A server/client branch `if (typeof window !== 'undefined')`.
- Variable input such as `Date.now()` or `Math.random()` which changes each time it's called.
- Date formatting in a user's locale which doesn't match the server.
- External changing data without sending a snapshot of it along with the HTML.
- Invalid HTML tag nesting.

It can also happen if the client has a browser extension installed which messes with the HTML before React loaded.

%s%s https://react.dev/link/hydration-mismatch 

  ...
    <LoadingBoundary name="parshads/" loading={null}>
      <HTTPAccessFallbackBoundary notFound={undefined} forbidden={undefined} unauthorized={undefined}>
        <RedirectBoundary>
          <RedirectErrorBoundary router={{...}}>
            <InnerLayoutRouter url="/parshads" tree={[...]} params={{}} cacheNode={{rsc:{...}, ...}} segmentPath={[...]} ...>
              <SegmentViewNode type="page" pagePath="parshads/p...">
                <SegmentTrieNode>
                <ClientPageRoot Component={function ParshadsPage} serverProvidedParams={{...}}>
                  <ParshadsPage params={Promise} searchParams={Promise}>
                    <main className="relative m..." style={{...}}>
                      <ParshadCanvas parshads={[...]} onSelect={function ParshadsPage.useCallback[handleSelect]}>
                        <div ref={{current:null}} className="relative w...">
                          <div>
                          <div className="px-6 md:px...">
                            <div className="flex flex-..." style={{paddingLeft:0}}>
                              <div
                                data-pop-item={true}
                                className="w-[140px] md:w-[170px] cursor-pointer group opacity-0 flex-shrink-0"
                                onClick={function onClick}
                                style={{
+                                 transform: "rotate(0.85089deg)"
-                                 transform: "rotate(-1.65256deg)"
                                }}
                              >
                              <div
                                data-pop-item={true}
                                className="w-[160px] md:w-[200px] cursor-pointer group opacity-0 flex-shrink-0"
                                onClick={function onClick}
                                style={{
+                                 transform: "rotate(0.11494deg)"
-                                 transform: "rotate(-0.03345deg)"
                                }}
                              >
                              <div
                                data-pop-item={true}
                                className="w-[180px] md:w-[230px] cursor-pointer group opacity-0 flex-shrink-0"
                                onClick={function onClick}
                                style={{
+                                 transform: "rotate(1.18798deg)"
-                                 transform: "rotate(1.45793deg)"
                                }}
                              >
                              <div
                                data-pop-item={true}
                                className="w-[150px] md:w-[185px] cursor-pointer group opacity-0 flex-shrink-0"
                                onClick={function onClick}
                                style={{
+                                 transform: "rotate(-0.68159deg)"
-                                 transform: "rotate(-0.10808deg)"
                                }}
                              >
                            <div className="flex flex-..." style={{paddingLeft:40}}>
                              <div
                                data-pop-item={true}
                                className="w-[160px] md:w-[200px] cursor-pointer group opacity-0 flex-shrink-0"
                                onClick={function onClick}
                                style={{
+                                 transform: "rotate(1.46693deg)"
-                                 transform: "rotate(-1.59251deg)"
                                }}
                              >
                              <div
                                data-pop-item={true}
                                className="w-[180px] md:w-[230px] cursor-pointer group opacity-0 flex-shrink-0"
                                onClick={function onClick}
                                style={{
+                                 transform: "rotate(-0.05644deg)"
-                                 transform: "rotate(0.97262deg)"
                                }}
                              >
                              <div
                                data-pop-item={true}
                                className="w-[150px] md:w-[185px] cursor-pointer group opacity-0 flex-shrink-0"
                                onClick={function onClick}
                                style={{
+                                 transform: "rotate(0.41196deg)"
-                                 transform: "rotate(-0.34702deg)"
                                }}
                              >
                              <div
                                data-pop-item={true}
                                className="w-[140px] md:w-[170px] cursor-pointer group opacity-0 flex-shrink-0"
                                onClick={function onClick}
                                style={{
+                                 transform: "rotate(-0.42319deg)"
-                                 transform: "rotate(-1.87501deg)"
                                }}
                              >
                            <div className="flex flex-..." style={{paddingLeft:15}}>
                              <div
                                data-pop-item={true}
                                className="w-[180px] md:w-[230px] cursor-pointer group opacity-0 flex-shrink-0"
                                onClick={function onClick}
                                style={{
+                                 transform: "rotate(1.12435deg)"
-                                 transform: "rotate(1.84927deg)"
                                }}
                              >
                              <div
                                data-pop-item={true}
                                className="w-[150px] md:w-[185px] cursor-pointer group opacity-0 flex-shrink-0"
                                onClick={function onClick}
                                style={{
+                                 transform: "rotate(-1.44266deg)"
-                                 transform: "rotate(-0.7171deg)"
                                }}
                              >
                              <div
                                data-pop-item={true}
                                className="w-[140px] md:w-[170px] cursor-pointer group opacity-0 flex-shrink-0"
                                onClick={function onClick}
                                style={{
+                                 transform: "rotate(1.98646deg)"
-                                 transform: "rotate(-1.71831deg)"
                                }}
                              >
                              <div
                                data-pop-item={true}
                                className="w-[160px] md:w-[200px] cursor-pointer group opacity-0 flex-shrink-0"
                                onClick={function onClick}
                                style={{
+                                 transform: "rotate(-0.39055deg)"
-                                 transform: "rotate(-1.37928deg)"
                                }}
                              >
                            <div className="flex flex-..." style={{paddingLeft:55}}>
                              <div
                                data-pop-item={true}
                                className="w-[150px] md:w-[185px] cursor-pointer group opacity-0 flex-shrink-0"
                                onClick={function onClick}
                                style={{
+                                 transform: "rotate(-1.17889deg)"
-                                 transform: "rotate(1.2291deg)"
                                }}
                              >
                              <div
                                data-pop-item={true}
                                className="w-[140px] md:w-[170px] cursor-pointer group opacity-0 flex-shrink-0"
                                onClick={function onClick}
                                style={{
+                                 transform: "rotate(1.94349deg)"
-                                 transform: "rotate(1.8849deg)"
                                }}
                              >
                              <div
                                data-pop-item={true}
                                className="w-[160px] md:w-[200px] cursor-pointer group opacity-0 flex-shrink-0"
                                onClick={function onClick}
                                style={{
+                                 transform: "rotate(-0.09631deg)"
-                                 transform: "rotate(0.09007deg)"
                                }}
                              >
                              <div
                                data-pop-item={true}
                                className="w-[180px] md:w-[230px] cursor-pointer group opacity-0 flex-shrink-0"
                                onClick={function onClick}
                                style={{
+                                 transform: "rotate(-1.96957deg)"
-                                 transform: "rotate(-0.02577deg)"
                                }}
                              >
                            <div className="flex flex-..." style={{paddingLeft:10}}>
                              <div
                                data-pop-item={true}
                                className="w-[140px] md:w-[170px] cursor-pointer group opacity-0 flex-shrink-0"
                                onClick={function onClick}
                                style={{
+                                 transform: "rotate(1.26401deg)"
-                                 transform: "rotate(-0.4903deg)"
                                }}
                              >
                              <div
                                data-pop-item={true}
                                className="w-[160px] md:w-[200px] cursor-pointer group opacity-0 flex-shrink-0"
                                onClick={function onClick}
                                style={{
+                                 transform: "rotate(1.71407deg)"
-                                 transform: "rotate(-0.89143deg)"
                                }}
                              >
                              <div
                                data-pop-item={true}
                                className="w-[180px] md:w-[230px] cursor-pointer group opacity-0 flex-shrink-0"
                                onClick={function onClick}
                                style={{
+                                 transform: "rotate(1.7227deg)"
-                                 transform: "rotate(-0.88131deg)"
                                }}
                              >
                              <div
                                data-pop-item={true}
                                className="w-[150px] md:w-[185px] cursor-pointer group opacity-0 flex-shrink-0"
                                onClick={function onClick}
                                style={{
+                                 transform: "rotate(0.26648deg)"
-                                 transform: "rotate(0.09849deg)"
                                }}
                              >
                            <div className="flex flex-..." style={{paddingLeft:45}}>
                              <div
                                data-pop-item={true}
                                className="w-[160px] md:w-[200px] cursor-pointer group opacity-0 flex-shrink-0"
                                onClick={function onClick}
                                style={{
+                                 transform: "rotate(-0.21349deg)"
-                                 transform: "rotate(-0.62497deg)"
                                }}
                              >
                              <div
                                data-pop-item={true}
                                className="w-[180px] md:w-[230px] cursor-pointer group opacity-0 flex-shrink-0"
                                onClick={function onClick}
                                style={{
+                                 transform: "rotate(1.33523deg)"
-                                 transform: "rotate(-1.58261deg)"
                                }}
                              >
                              <div
                                data-pop-item={true}
                                className="w-[150px] md:w-[185px] cursor-pointer group opacity-0 flex-shrink-0"
                                onClick={function onClick}
                                style={{
+                                 transform: "rotate(-0.1295deg)"
-                                 transform: "rotate(0.0267deg)"
                                }}
                              >
                              <div
                                data-pop-item={true}
                                className="w-[140px] md:w-[170px] cursor-pointer group opacity-0 flex-shrink-0"
                                onClick={function onClick}
                                style={{
+                                 transform: "rotate(0.27226deg)"
-                                 transform: "rotate(0.69517deg)"
                                }}
                              >
                            <div className="flex flex-..." style={{paddingLeft:25}}>
                              <div
                                data-pop-item={true}
                                className="w-[180px] md:w-[230px] cursor-pointer group opacity-0 flex-shrink-0"
                                onClick={function onClick}
                                style={{
+                                 transform: "rotate(-1.75306deg)"
-                                 transform: "rotate(-0.59345deg)"
                                }}
                              >
                              <div
                                data-pop-item={true}
                                className="w-[150px] md:w-[185px] cursor-pointer group opacity-0 flex-shrink-0"
                                onClick={function onClick}
                                style={{
+                                 transform: "rotate(0.48533deg)"
-                                 transform: "rotate(-1.57905deg)"
                                }}
                              >
                              <div
                                data-pop-item={true}
                                className="w-[140px] md:w-[170px] cursor-pointer group opacity-0 flex-shrink-0"
                                onClick={function onClick}
                                style={{
+                                 transform: "rotate(-0.81239deg)"
-                                 transform: "rotate(0.50284deg)"
                                }}
                              >
              ...
            ...
 @ webpack-internal:///(app-pages-browser)/./node_modules/next/dist/next-devtools/userspace/app/errors/intercept-console-error.js:57
[   74053ms] [LOG] [Fast Refresh] rebuilding @ webpack-internal:///(app-pages-browser)/./node_modules/next/dist/next-devtools/shared/forward-logs-shared.js:27
[   76317ms] [LOG] [Fast Refresh] rebuilding @ webpack-internal:///(app-pages-browser)/./node_modules/next/dist/next-devtools/shared/forward-logs-shared.js:27
[   76574ms] [LOG] [Fast Refresh] done in 256ms @ webpack-internal:///(app-pages-browser)/./node_modules/next/dist/next-devtools/shared/forward-logs-shared.js:27
[   79960ms] [LOG] [Fast Refresh] done in 3643ms @ webpack-internal:///(app-pages-browser)/./node_modules/next/dist/next-devtools/shared/forward-logs-shared.js:27
