[     966ms] [WARNING] <link rel=preload> uses an unsupported `as` value @ http://localhost:3000/parshads:0
[     967ms] [WARNING] <link rel=preload> uses an unsupported `as` value @ http://localhost:3000/parshads:0
[     967ms] [WARNING] <link rel=preload> uses an unsupported `as` value @ http://localhost:3000/parshads:0
[     967ms] [WARNING] <link rel=preload> uses an unsupported `as` value @ http://localhost:3000/parshads:0
[    1890ms] [INFO] %cDownload the React DevTools for a better development experience: https://react.dev/link/react-devtools font-weight:bold @ webpack-internal:///(app-pages-browser)/./node_modules/next/dist/next-devtools/shared/forward-logs-shared.js:27
[    2056ms] [LOG] [HMR] connected @ webpack-internal:///(app-pages-browser)/./node_modules/next/dist/next-devtools/shared/forward-logs-shared.js:27
[   82253ms] [LOG] [Fast Refresh] rebuilding @ webpack-internal:///(app-pages-browser)/./node_modules/next/dist/next-devtools/shared/forward-logs-shared.js:27
[   88970ms] [LOG] [Fast Refresh] done in 6732ms @ webpack-internal:///(app-pages-browser)/./node_modules/next/dist/next-devtools/shared/forward-logs-shared.js:27
[   89086ms] [LOG] [Fast Refresh] rebuilding @ webpack-internal:///(app-pages-browser)/./node_modules/next/dist/next-devtools/shared/forward-logs-shared.js:27
[   91921ms] [LOG] [Fast Refresh] done in 2834ms @ webpack-internal:///(app-pages-browser)/./node_modules/next/dist/next-devtools/shared/forward-logs-shared.js:27
[   98911ms] [LOG] [Fast Refresh] rebuilding @ webpack-internal:///(app-pages-browser)/./node_modules/next/dist/next-devtools/shared/forward-logs-shared.js:27
[  101967ms] [LOG] [Fast Refresh] done in 3056ms @ webpack-internal:///(app-pages-browser)/./node_modules/next/dist/next-devtools/shared/forward-logs-shared.js:27
[  102092ms] [LOG] [Fast Refresh] rebuilding @ webpack-internal:///(app-pages-browser)/./node_modules/next/dist/next-devtools/shared/forward-logs-shared.js:27
[  103935ms] [LOG] [Fast Refresh] done in 1842ms @ webpack-internal:///(app-pages-browser)/./node_modules/next/dist/next-devtools/shared/forward-logs-shared.js:27
[  127808ms] [LOG] [Fast Refresh] rebuilding @ webpack-internal:///(app-pages-browser)/./node_modules/next/dist/next-devtools/shared/forward-logs-shared.js:27
[  129272ms] [LOG] [Fast Refresh] done in 1463ms @ webpack-internal:///(app-pages-browser)/./node_modules/next/dist/next-devtools/shared/forward-logs-shared.js:27
[  137545ms] [LOG] [Fast Refresh] rebuilding @ webpack-internal:///(app-pages-browser)/./node_modules/next/dist/next-devtools/shared/forward-logs-shared.js:27
[  138799ms] [LOG] [Fast Refresh] done in 1254ms @ webpack-internal:///(app-pages-browser)/./node_modules/next/dist/next-devtools/shared/forward-logs-shared.js:27
[  148185ms] [WARNING] <link rel=preload> uses an unsupported `as` value @ http://localhost:3000/parshads:0
[  148185ms] [WARNING] <link rel=preload> uses an unsupported `as` value @ http://localhost:3000/parshads:0
[  148185ms] [WARNING] <link rel=preload> uses an unsupported `as` value @ http://localhost:3000/parshads:0
[  148185ms] [WARNING] <link rel=preload> uses an unsupported `as` value @ http://localhost:3000/parshads:0
[  149972ms] [INFO] %cDownload the React DevTools for a better development experience: https://react.dev/link/react-devtools font-weight:bold @ webpack-internal:///(app-pages-browser)/./node_modules/next/dist/next-devtools/shared/forward-logs-shared.js:27
[  150171ms] [LOG] [HMR] connected @ webpack-internal:///(app-pages-browser)/./node_modules/next/dist/next-devtools/shared/forward-logs-shared.js:27
