[    1394ms] [WARNING] <link rel=preload> uses an unsupported `as` value @ http://localhost:3000/parshads:0
[    1397ms] [WARNING] <link rel=preload> uses an unsupported `as` value @ http://localhost:3000/parshads:0
[    1397ms] [WARNING] <link rel=preload> uses an unsupported `as` value @ http://localhost:3000/parshads:0
[    1397ms] [WARNING] <link rel=preload> uses an unsupported `as` value @ http://localhost:3000/parshads:0
[    4612ms] [INFO] %cDownload the React DevTools for a better development experience: https://react.dev/link/react-devtools font-weight:bold @ webpack-internal:///(app-pages-browser)/./node_modules/next/dist/next-devtools/shared/forward-logs-shared.js:27
[    5077ms] [LOG] [HMR] connected @ webpack-internal:///(app-pages-browser)/./node_modules/next/dist/next-devtools/shared/forward-logs-shared.js:27
[    5466ms] [ERROR] A tree hydrated but some attributes of the server rendered HTML didn't match the client properties. This won't be patched up. This can happen if a SSR-ed Client Component used:

- A server/client branch `if (typeof window !== 'undefined')`.
- Variable input such as `Date.now()` or `Math.random()` which changes each time it's called.
- Date formatting in a user's locale which doesn't match the server.
- External changing data without sending a snapshot of it along with the HTML.
- Invalid HTML tag nesting.

It can also happen if the client has a browser extension installed which messes with the HTML before React loaded.

%s%s https://react.dev/link/hydration-mismatch 

  ...
    <LoadingBoundary name="parshads/" loading={null}>
      <HTTPAccessFallbackBoundary notFound={undefined} forbidden={undefined} unauthorized={undefined}>
        <RedirectBoundary>
          <RedirectErrorBoundary router={{...}}>
            <InnerLayoutRouter url="/parshads" tree={[...]} params={{}} cacheNode={{rsc:{...}, ...}} segmentPath={[...]} ...>
              <SegmentViewNode type="page" pagePath="parshads/p...">
                <SegmentTrieNode>
                <ClientPageRoot Component={function ParshadsPage} serverProvidedParams={{...}}>
                  <ParshadsPage params={Promise} searchParams={Promise}>
                    <main className="relative m..." style={{...}}>
                      <ParshadCanvas parshads={[...]} onSelect={function ParshadsPage.useCallback[handleSelect]}>
                        <div ref={{current:null}} className="relative w...">
                          <div>
                          <div className="relative w..." style={{height:"22..."}}>
                            <div data-canvas-item={true} className="absolute c..." style={{left:"3%", ...}} ...>
                              <div
+                               className="w-full aspect-square overflow-hidden rounded-sm"
-                               className="w-full aspect-square overflow-hidden rounded-md"
                                style={{transform:"rotate(1.2..."}}
                              >
                                <div
+                                 className="w-full h-full transition-transform duration-500 ease-[cubic-bezier(0.25,0..."
-                                 className="w-full h-full transition-transform duration-700 ease-out group-hover:scal..."
                                  style={{backgroundImage:"url(/image...",backgroundSize:"cover",backgroundPosition:"center"}}
                                >
                              <div
                                data-canvas-info={true}
+                               className="mt-2.5 opacity-0 px-0.5"
-                               className="mt-2 opacity-0 px-0.5"
                              >
                                <p
+                                 className="text-[6.5px] uppercase tracking-[0.25em] mb-[3px] leading-none"
-                                 className="text-[7px] uppercase tracking-[0.2em] text-stone-400 mb-0.5"
                                  style={{
+                                   fontFamily: "'Outfit', sans-serif"
+                                   color: "rgba(120,113,108,0.7)"
                                  }}
                                >
+                                 Somnath
                                <h3
+                                 className="text-[11.5px] leading-[1.3] font-normal"
-                                 className="text-[11px] text-stone-700 leading-snug font-medium"
                                  style={{
+                                   fontFamily: "'Cormorant Garamond', serif"
+                                   color: "#292524"
+                                   letterSpacing: "0.02em"
-                                   font-family: "Cinzel, serif"
                                  }}
                                >
+                                 Dry Fruit Prasadam
                            <div data-canvas-item={true} className="absolute c..." style={{left:"28%", ...}} ...>
                              <div
+                               className="w-full aspect-square overflow-hidden rounded-sm"
-                               className="w-full aspect-square overflow-hidden rounded-md"
                                style={{transform:"rotate(-0...."}}
                              >
                                <div
+                                 className="w-full h-full transition-transform duration-500 ease-[cubic-bezier(0.25,0..."
-                                 className="w-full h-full transition-transform duration-700 ease-out group-hover:scal..."
                                  style={{backgroundImage:"url(/image...",backgroundSize:"cover",backgroundPosition:"center"}}
                                >
                              <div
                                data-canvas-info={true}
+                               className="mt-2.5 opacity-0 px-0.5"
-                               className="mt-2 opacity-0 px-0.5"
                              >
                                <p
+                                 className="text-[6.5px] uppercase tracking-[0.25em] mb-[3px] leading-none"
-                                 className="text-[7px] uppercase tracking-[0.2em] text-stone-400 mb-0.5"
                                  style={{
+                                   fontFamily: "'Outfit', sans-serif"
+                                   color: "rgba(120,113,108,0.7)"
                                  }}
                                >
+                                 Mahakaleshwar
                                <h3
+                                 className="text-[11.5px] leading-[1.3] font-normal"
-                                 className="text-[11px] text-stone-700 leading-snug font-medium"
                                  style={{
+                                   fontFamily: "'Cormorant Garamond', serif"
+                                   color: "#292524"
+                                   letterSpacing: "0.02em"
-                                   font-family: "Cinzel, serif"
                                  }}
                                >
+                                 Pink Laddu Offering
                            <div data-canvas-item={true} className="absolute c..." style={{left:"54%", ...}} ...>
                              <div
+                               className="w-full aspect-square overflow-hidden rounded-sm"
-                               className="w-full aspect-square overflow-hidden rounded-md"
                                style={{transform:"rotate(1.0..."}}
                              >
                                <div
+                                 className="w-full h-full transition-transform duration-500 ease-[cubic-bezier(0.25,0..."
-                                 className="w-full h-full transition-transform duration-700 ease-out group-hover:scal..."
                                  style={{backgroundImage:"url(/image...",backgroundSize:"cover",backgroundPosition:"center"}}
                                >
                              <div
                                data-canvas-info={true}
+                               className="mt-2.5 opacity-0 px-0.5"
-                               className="mt-2 opacity-0 px-0.5"
                              >
                                <p
+                                 className="text-[6.5px] uppercase tracking-[0.25em] mb-[3px] leading-none"
-                                 className="text-[7px] uppercase tracking-[0.2em] text-stone-400 mb-0.5"
                                  style={{
+                                   fontFamily: "'Outfit', sans-serif"
+                                   color: "rgba(120,113,108,0.7)"
                                  }}
                                >
+                                 Kashi Vishwanath
                                <h3
+                                 className="text-[11.5px] leading-[1.3] font-normal"
-                                 className="text-[11px] text-stone-700 leading-snug font-medium"
                                  style={{
+                                   fontFamily: "'Cormorant Garamond', serif"
+                                   color: "#292524"
+                                   letterSpacing: "0.02em"
-                                   font-family: "Cinzel, serif"
                                  }}
                                >
+                                 Millet Kheer Blessing
                            <div data-canvas-item={true} className="absolute c..." style={{left:"78%", ...}} ...>
                              <div
+                               className="w-full aspect-square overflow-hidden rounded-sm"
-                               className="w-full aspect-square overflow-hidden rounded-md"
                                style={{transform:"rotate(-1...."}}
                              >
                                <div
+                                 className="w-full h-full transition-transform duration-500 ease-[cubic-bezier(0.25,0..."
-                                 className="w-full h-full transition-transform duration-700 ease-out group-hover:scal..."
                                  style={{backgroundImage:"url(/image...",backgroundSize:"cover",backgroundPosition:"center"}}
                                >
                              <div
                                data-canvas-info={true}
+                               className="mt-2.5 opacity-0 px-0.5"
-                               className="mt-2 opacity-0 px-0.5"
                              >
                                <p
+                                 className="text-[6.5px] uppercase tracking-[0.25em] mb-[3px] leading-none"
-                                 className="text-[7px] uppercase tracking-[0.2em] text-stone-400 mb-0.5"
                                  style={{
+                                   fontFamily: "'Outfit', sans-serif"
+                                   color: "rgba(120,113,108,0.7)"
                                  }}
                                >
+                                 Kedarnath
                                <h3
+                                 className="text-[11.5px] leading-[1.3] font-normal"
-                                 className="text-[11px] text-stone-700 leading-snug font-medium"
                                  style={{
+                                   fontFamily: "'Cormorant Garamond', serif"
+                                   color: "#292524"
+                                   letterSpacing: "0.02em"
-                                   font-family: "Cinzel, serif"
                                  }}
                                >
+                                 Coconut Laddu Prasad
                            <div data-canvas-item={true} className="absolute c..." style={{left:"10%", ...}} ...>
                              <div
+                               className="w-full aspect-square overflow-hidden rounded-sm"
-                               className="w-full aspect-square overflow-hidden rounded-md"
                                style={{transform:"rotate(-0...."}}
                              >
                                <div
+                                 className="w-full h-full transition-transform duration-500 ease-[cubic-bezier(0.25,0..."
-                                 className="w-full h-full transition-transform duration-700 ease-out group-hover:scal..."
                                  style={{backgroundImage:"url(/image...",backgroundSize:"cover",backgroundPosition:"center"}}
                                >
                              <div
                                data-canvas-info={true}
+                               className="mt-2.5 opacity-0 px-0.5"
-                               className="mt-2 opacity-0 px-0.5"
                              >
                                <p
+                                 className="text-[6.5px] uppercase tracking-[0.25em] mb-[3px] leading-none"
-                                 className="text-[7px] uppercase tracking-[0.2em] text-stone-400 mb-0.5"
                                  style={{
+                                   fontFamily: "'Outfit', sans-serif"
+                                   color: "rgba(120,113,108,0.7)"
                                  }}
                                >
+                                 Vaishno Devi
                                <h3
+                                 className="text-[11.5px] leading-[1.3] font-normal"
-                                 className="text-[11px] text-stone-700 leading-snug font-medium"
                                  style={{
+                                   fontFamily: "'Cormorant Garamond', serif"
+                                   color: "#292524"
+                                   letterSpacing: "0.02em"
-                                   font-family: "Cinzel, serif"
                                  }}
                                >
+                                 Panjiri Thali Sacred
                            <div data-canvas-item={true} className="absolute c..." style={{left:"36%", ...}} ...>
                              <div
+                               className="w-full aspect-square overflow-hidden rounded-sm"
-                               className="w-full aspect-square overflow-hidden rounded-md"
                                style={{transform:"rotate(0.2..."}}
                              >
                                <div
+                                 className="w-full h-full transition-transform duration-500 ease-[cubic-bezier(0.25,0..."
-                                 className="w-full h-full transition-transform duration-700 ease-out group-hover:scal..."
                                  style={{backgroundImage:"url(/image...",backgroundSize:"cover",backgroundPosition:"center"}}
                                >
                              <div
                                data-canvas-info={true}
+                               className="mt-2.5 opacity-0 px-0.5"
-                               className="mt-2 opacity-0 px-0.5"
                              >
                                <p
+                                 className="text-[6.5px] uppercase tracking-[0.25em] mb-[3px] leading-none"
-                                 className="text-[7px] uppercase tracking-[0.2em] text-stone-400 mb-0.5"
                                  style={{
+                                   fontFamily: "'Outfit', sans-serif"
+                                   color: "rgba(120,113,108,0.7)"
                                  }}
                                >
+                                 Tirumala Tirupati
                                <h3
+                                 className="text-[11.5px] leading-[1.3] font-normal"
-                                 className="text-[11px] text-stone-700 leading-snug font-medium"
                                  style={{
+                                   fontFamily: "'Cormorant Garamond', serif"
+                                   color: "#292524"
+                                   letterSpacing: "0.02em"
-                                   font-family: "Cinzel, serif"
                                  }}
                                >
+                                 Dry Fruit Sacred Box
                            <div data-canvas-item={true} className="absolute c..." style={{left:"62%", ...}} ...>
                              <div
+                               className="w-full aspect-square overflow-hidden rounded-sm"
-                               className="w-full aspect-square overflow-hidden rounded-md"
                                style={{transform:"rotate(-1...."}}
                              >
                                <div
+                                 className="w-full h-full transition-transform duration-500 ease-[cubic-bezier(0.25,0..."
-                                 className="w-full h-full transition-transform duration-700 ease-out group-hover:scal..."
                                  style={{backgroundImage:"url(/image...",backgroundSize:"cover",backgroundPosition:"center"}}
                                >
                              <div
                                data-canvas-info={true}
+                               className="mt-2.5 opacity-0 px-0.5"
-                               className="mt-2 opacity-0 px-0.5"
                              >
                                <p
+                                 className="text-[6.5px] uppercase tracking-[0.25em] mb-[3px] leading-none"
-                                 className="text-[7px] uppercase tracking-[0.2em] text-stone-400 mb-0.5"
                                  style={{
+                                   fontFamily: "'Outfit', sans-serif"
+                                   color: "rgba(120,113,108,0.7)"
                                  }}
                                >
+                                 Omkleshwar
                                <h3
+                                 className="text-[11.5px] leading-[1.3] font-normal"
-                                 className="text-[11px] text-stone-700 leading-snug font-medium"
                                  style={{
+                                   fontFamily: "'Cormorant Garamond', serif"
+                                   color: "#292524"
+                                   letterSpacing: "0.02em"
-                                   font-family: "Cinzel, serif"
                                  }}
                                >
+                                 Pink Laddu Divine Gift
                            <div data-canvas-item={true} className="absolute c..." style={{left:"84%", ...}} ...>
                              <div
+                               className="w-full aspect-square overflow-hidden rounded-sm"
-                               className="w-full aspect-square overflow-hidden rounded-md"
                                style={{transform:"rotate(-0...."}}
                              >
                                <div
+                                 className="w-full h-full transition-transform duration-500 ease-[cubic-bezier(0.25,0..."
-                                 className="w-full h-full transition-transform duration-700 ease-out group-hover:scal..."
                                  style={{backgroundImage:"url(/image...",backgroundSize:"cover",backgroundPosition:"center"}}
                                >
                              <div
                                data-canvas-info={true}
+                               className="mt-2.5 opacity-0 px-0.5"
-                               className="mt-2 opacity-0 px-0.5"
                              >
                                <p
+                                 className="text-[6.5px] uppercase tracking-[0.25em] mb-[3px] leading-none"
-                                 className="text-[7px] uppercase tracking-[0.2em] text-stone-400 mb-0.5"
                                  style={{
+                                   fontFamily: "'Outfit', sans-serif"
+                                   color: "rgba(120,113,108,0.7)"
                                  }}
                                >
+                                 Trimbakeshwar
                                <h3
+                                 className="text-[11.5px] leading-[1.3] font-normal"
-                                 className="text-[11px] text-stone-700 leading-snug font-medium"
                                  style={{
+                                   fontFamily: "'Cormorant Garamond', serif"
+                                   color: "#292524"
+                                   letterSpacing: "0.02em"
-                                   font-family: "Cinzel, serif"
                                  }}
                                >
+                                 Millet Kheer Harmony
                            <div data-canvas-item={true} className="absolute c..." style={{left:"2%", ...}} ...>
                              <div
+                               className="w-full aspect-square overflow-hidden rounded-sm"
-                               className="w-full aspect-square overflow-hidden rounded-md"
                                style={{transform:"rotate(-0...."}}
                              >
                                <div
+                                 className="w-full h-full transition-transform duration-500 ease-[cubic-bezier(0.25,0..."
-                                 className="w-full h-full transition-transform duration-700 ease-out group-hover:scal..."
                                  style={{backgroundImage:"url(/image...",backgroundSize:"cover",backgroundPosition:"center"}}
                                >
                              <div
                                data-canvas-info={true}
+                               className="mt-2.5 opacity-0 px-0.5"
-                               className="mt-2 opacity-0 px-0.5"
                              >
                                <p
+                                 className="text-[6.5px] uppercase tracking-[0.25em] mb-[3px] leading-none"
-                                 className="text-[7px] uppercase tracking-[0.2em] text-stone-400 mb-0.5"
                                  style={{
+                                   fontFamily: "'Outfit', sans-serif"
+                                   color: "rgba(120,113,108,0.7)"
                                  }}
                                >
+                                 Sri Harmandir Sahib
                                <h3
+                                 className="text-[11.5px] leading-[1.3] font-normal"
-                                 className="text-[11px] text-stone-700 leading-snug font-medium"
                                  style={{
+                                   fontFamily: "'Cormorant Garamond', serif"
+                                   color: "#292524"
+                                   letterSpacing: "0.02em"
-                                   font-family: "Cinzel, serif"
                                  }}
                                >
+                                 Coconut Laddu Grace
                            <div data-canvas-item={true} className="absolute c..." style={{left:"28%", ...}} ...>
                              <div
+                               className="w-full aspect-square overflow-hidden rounded-sm"
-                               className="w-full aspect-square overflow-hidden rounded-md"
                                style={{transform:"rotate(0.5..."}}
                              >
                                <div
+                                 className="w-full h-full transition-transform duration-500 ease-[cubic-bezier(0.25,0..."
-                                 className="w-full h-full transition-transform duration-700 ease-out group-hover:scal..."
                                  style={{backgroundImage:"url(/image...",backgroundSize:"cover",backgroundPosition:"center"}}
                                >
                              <div
                                data-canvas-info={true}
+                               className="mt-2.5 opacity-0 px-0.5"
-                               className="mt-2 opacity-0 px-0.5"
                              >
                                <p
+                                 className="text-[6.5px] uppercase tracking-[0.25em] mb-[3px] leading-none"
-                                 className="text-[7px] uppercase tracking-[0.2em] text-stone-400 mb-0.5"
                                  style={{
+                                   fontFamily: "'Outfit', sans-serif"
+                                   color: "rgba(120,113,108,0.7)"
                                  }}
                                >
+                                 Somnath
                                <h3
+                                 className="text-[11.5px] leading-[1.3] font-normal"
-                                 className="text-[11px] text-stone-700 leading-snug font-medium"
                                  style={{
+                                   fontFamily: "'Cormorant Garamond', serif"
+                                   color: "#292524"
+                                   letterSpacing: "0.02em"
-                                   font-family: "Cinzel, serif"
                                  }}
                                >
+                                 Dry Fruit Prasadam
                            <div data-canvas-item={true} className="absolute c..." style={{left:"55%", ...}} ...>
                              <div
+                               className="w-full aspect-square overflow-hidden rounded-sm"
-                               className="w-full aspect-square overflow-hidden rounded-md"
                                style={{transform:"rotate(0.2..."}}
                              >
                                <div
+                                 className="w-full h-full transition-transform duration-500 ease-[cubic-bezier(0.25,0..."
-                                 className="w-full h-full transition-transform duration-700 ease-out group-hover:scal..."
                                  style={{backgroundImage:"url(/image...",backgroundSize:"cover",backgroundPosition:"center"}}
                                >
                              <div
                                data-canvas-info={true}
+                               className="mt-2.5 opacity-0 px-0.5"
-                               className="mt-2 opacity-0 px-0.5"
                              >
                                <p
+                                 className="text-[6.5px] uppercase tracking-[0.25em] mb-[3px] leading-none"
-                                 className="text-[7px] uppercase tracking-[0.2em] text-stone-400 mb-0.5"
                                  style={{
+                                   fontFamily: "'Outfit', sans-serif"
+                                   color: "rgba(120,113,108,0.7)"
                                  }}
                                >
+                                 Mahakaleshwar
                                <h3
+                                 className="text-[11.5px] leading-[1.3] font-normal"
-                                 className="text-[11px] text-stone-700 leading-snug font-medium"
                                  style={{
+                                   fontFamily: "'Cormorant Garamond', serif"
+                                   color: "#292524"
+                                   letterSpacing: "0.02em"
-                                   font-family: "Cinzel, serif"
                                  }}
                                >
+                                 Pink Laddu Offering
                            <div data-canvas-item={true} className="absolute c..." style={{left:"80%", ...}} ...>
                              <div
+                               className="w-full aspect-square overflow-hidden rounded-sm"
-                               className="w-full aspect-square overflow-hidden rounded-md"
                                style={{transform:"rotate(0.8..."}}
                              >
                                <div
+                                 className="w-full h-full transition-transform duration-500 ease-[cubic-bezier(0.25,0..."
-                                 className="w-full h-full transition-transform duration-700 ease-out group-hover:scal..."
                                  style={{backgroundImage:"url(/image...",backgroundSize:"cover",backgroundPosition:"center"}}
                                >
                              <div
                                data-canvas-info={true}
+                               className="mt-2.5 opacity-0 px-0.5"
-                               className="mt-2 opacity-0 px-0.5"
                              >
                                <p
+                                 className="text-[6.5px] uppercase tracking-[0.25em] mb-[3px] leading-none"
-                                 className="text-[7px] uppercase tracking-[0.2em] text-stone-400 mb-0.5"
                                  style={{
+                                   fontFamily: "'Outfit', sans-serif"
+                                   color: "rgba(120,113,108,0.7)"
                                  }}
                                >
+                                 Kashi Vishwanath
                                <h3
+                                 className="text-[11.5px] leading-[1.3] font-normal"
-                                 className="text-[11px] text-stone-700 leading-snug font-medium"
                                  style={{
+                                   fontFamily: "'Cormorant Garamond', serif"
+                                   color: "#292524"
+                                   letterSpacing: "0.02em"
-                                   font-family: "Cinzel, serif"
                                  }}
                                >
+                                 Millet Kheer Blessing
                            <div data-canvas-item={true} className="absolute c..." style={{left:"8%", ...}} ...>
                              <div
+                               className="w-full aspect-square overflow-hidden rounded-sm"
-                               className="w-full aspect-square overflow-hidden rounded-md"
                                style={{transform:"rotate(-0...."}}
                              >
                                <div
+                                 className="w-full h-full transition-transform duration-500 ease-[cubic-bezier(0.25,0..."
-                                 className="w-full h-full transition-transform duration-700 ease-out group-hover:scal..."
                                  style={{backgroundImage:"url(/image...",backgroundSize:"cover",backgroundPosition:"center"}}
                                >
                              <div
                                data-canvas-info={true}
+                               className="mt-2.5 opacity-0 px-0.5"
-                               className="mt-2 opacity-0 px-0.5"
                              >
                                <p
+                                 className="text-[6.5px] uppercase tracking-[0.25em] mb-[3px] leading-none"
-                                 className="text-[7px] uppercase tracking-[0.2em] text-stone-400 mb-0.5"
                                  style={{
+                                   fontFamily: "'Outfit', sans-serif"
+                                   color: "rgba(120,113,108,0.7)"
                                  }}
                                >
+                                 Kedarnath
                                <h3
+                                 className="text-[11.5px] leading-[1.3] font-normal"
-                                 className="text-[11px] text-stone-700 leading-snug font-medium"
                                  style={{
+                                   fontFamily: "'Cormorant Garamond', serif"
+                                   color: "#292524"
+                                   letterSpacing: "0.02em"
-                                   font-family: "Cinzel, serif"
                                  }}
                                >
+                                 Coconut Laddu Prasad
                            <div data-canvas-item={true} className="absolute c..." style={{left:"34%", ...}} ...>
                              <div
+                               className="w-full aspect-square overflow-hidden rounded-sm"
-                               className="w-full aspect-square overflow-hidden rounded-md"
                                style={{transform:"rotate(1.3..."}}
                              >
                                <div
+                                 className="w-full h-full transition-transform duration-500 ease-[cubic-bezier(0.25,0..."
-                                 className="w-full h-full transition-transform duration-700 ease-out group-hover:scal..."
                                  style={{backgroundImage:"url(/image...",backgroundSize:"cover",backgroundPosition:"center"}}
                                >
                              <div
                                data-canvas-info={true}
+                               className="mt-2.5 opacity-0 px-0.5"
-                               className="mt-2 opacity-0 px-0.5"
                              >
                                <p
+                                 className="text-[6.5px] uppercase tracking-[0.25em] mb-[3px] leading-none"
-                                 className="text-[7px] uppercase tracking-[0.2em] text-stone-400 mb-0.5"
                                  style={{
+                                   fontFamily: "'Outfit', sans-serif"
+                                   color: "rgba(120,113,108,0.7)"
                                  }}
                                >
+                                 Vaishno Devi
                                <h3
+                                 className="text-[11.5px] leading-[1.3] font-normal"
-                                 className="text-[11px] text-stone-700 leading-snug font-medium"
                                  style={{
+                                   fontFamily: "'Cormorant Garamond', serif"
+                                   color: "#292524"
+                                   letterSpacing: "0.02em"
-                                   font-family: "Cinzel, serif"
                                  }}
                                >
+                                 Panjiri Thali Sacred
                            <div data-canvas-item={true} className="absolute c..." style={{left:"60%", ...}} ...>
                              <div
+                               className="w-full aspect-square overflow-hidden rounded-sm"
-                               className="w-full aspect-square overflow-hidden rounded-md"
                                style={{transform:"rotate(-1...."}}
                              >
                                <div
+                                 className="w-full h-full transition-transform duration-500 ease-[cubic-bezier(0.25,0..."
-                                 className="w-full h-full transition-transform duration-700 ease-out group-hover:scal..."
                                  style={{backgroundImage:"url(/image...",backgroundSize:"cover",backgroundPosition:"center"}}
                                >
                              <div
                                data-canvas-info={true}
+                               className="mt-2.5 opacity-0 px-0.5"
-                               className="mt-2 opacity-0 px-0.5"
                              >
                                <p
+                                 className="text-[6.5px] uppercase tracking-[0.25em] mb-[3px] leading-none"
-                                 className="text-[7px] uppercase tracking-[0.2em] text-stone-400 mb-0.5"
                                  style={{
+                                   fontFamily: "'Outfit', sans-serif"
+                                   color: "rgba(120,113,108,0.7)"
                                  }}
                                >
+                                 Tirumala Tirupati
                                <h3
+                                 className="text-[11.5px] leading-[1.3] font-normal"
-                                 className="text-[11px] text-stone-700 leading-snug font-medium"
                                  style={{
+                                   fontFamily: "'Cormorant Garamond', serif"
+                                   color: "#292524"
+                                   letterSpacing: "0.02em"
-                                   font-family: "Cinzel, serif"
                                  }}
                                >
+                                 Dry Fruit Sacred Box
                            <div data-canvas-item={true} className="absolute c..." style={{left:"84%", ...}} ...>
                              <div
+                               className="w-full aspect-square overflow-hidden rounded-sm"
-                               className="w-full aspect-square overflow-hidden rounded-md"
                                style={{transform:"rotate(0.7..."}}
                              >
                                <div
+                                 className="w-full h-full transition-transform duration-500 ease-[cubic-bezier(0.25,0..."
-                                 className="w-full h-full transition-transform duration-700 ease-out group-hover:scal..."
                                  style={{backgroundImage:"url(/image...",backgroundSize:"cover",backgroundPosition:"center"}}
                                >
                              <div
                                data-canvas-info={true}
+                               className="mt-2.5 opacity-0 px-0.5"
-                               className="mt-2 opacity-0 px-0.5"
                              >
                                <p
+                                 className="text-[6.5px] uppercase tracking-[0.25em] mb-[3px] leading-none"
-                                 className="text-[7px] uppercase tracking-[0.2em] text-stone-400 mb-0.5"
                                  style={{
+                                   fontFamily: "'Outfit', sans-serif"
+                                   color: "rgba(120,113,108,0.7)"
                                  }}
                                >
+                                 Omkleshwar
                                <h3
+                                 className="text-[11.5px] leading-[1.3] font-normal"
-                                 className="text-[11px] text-stone-700 leading-snug font-medium"
                                  style={{
+                                   fontFamily: "'Cormorant Garamond', serif"
+                                   color: "#292524"
+                                   letterSpacing: "0.02em"
-                                   font-family: "Cinzel, serif"
                                  }}
                                >
+                                 Pink Laddu Divine Gift
                            <div data-canvas-item={true} className="absolute c..." style={{left:"4%", ...}} ...>
                              <div
+                               className="w-full aspect-square overflow-hidden rounded-sm"
-                               className="w-full aspect-square overflow-hidden rounded-md"
                                style={{transform:"rotate(1.4..."}}
                              >
                                <div
+                                 className="w-full h-full transition-transform duration-500 ease-[cubic-bezier(0.25,0..."
-                                 className="w-full h-full transition-transform duration-700 ease-out group-hover:scal..."
                                  style={{backgroundImage:"url(/image...",backgroundSize:"cover",backgroundPosition:"center"}}
                                >
                              <div
                                data-canvas-info={true}
+                               className="mt-2.5 opacity-0 px-0.5"
-                               className="mt-2 opacity-0 px-0.5"
                              >
                                <p
+                                 className="text-[6.5px] uppercase tracking-[0.25em] mb-[3px] leading-none"
-                                 className="text-[7px] uppercase tracking-[0.2em] text-stone-400 mb-0.5"
                                  style={{
+                                   fontFamily: "'Outfit', sans-serif"
+                                   color: "rgba(120,113,108,0.7)"
                                  }}
                                >
+                                 Trimbakeshwar
                                <h3
+                                 className="text-[11.5px] leading-[1.3] font-normal"
-                                 className="text-[11px] text-stone-700 leading-snug font-medium"
                                  style={{
+                                   fontFamily: "'Cormorant Garamond', serif"
+                                   color: "#292524"
+                                   letterSpacing: "0.02em"
-                                   font-family: "Cinzel, serif"
                                  }}
                                >
+                                 Millet Kheer Harmony
                            <div data-canvas-item={true} className="absolute c..." style={{left:"30%", ...}} ...>
                              <div
+                               className="w-full aspect-square overflow-hidden rounded-sm"
-                               className="w-full aspect-square overflow-hidden rounded-md"
                                style={{transform:"rotate(1.4..."}}
                              >
                                <div
+                                 className="w-full h-full transition-transform duration-500 ease-[cubic-bezier(0.25,0..."
-                                 className="w-full h-full transition-transform duration-700 ease-out group-hover:scal..."
                                  style={{backgroundImage:"url(/image...",backgroundSize:"cover",backgroundPosition:"center"}}
                                >
                              <div
                                data-canvas-info={true}
+                               className="mt-2.5 opacity-0 px-0.5"
-                               className="mt-2 opacity-0 px-0.5"
                              >
                                <p
+                                 className="text-[6.5px] uppercase tracking-[0.25em] mb-[3px] leading-none"
-                                 className="text-[7px] uppercase tracking-[0.2em] text-stone-400 mb-0.5"
                                  style={{
+                                   fontFamily: "'Outfit', sans-serif"
+                                   color: "rgba(120,113,108,0.7)"
                                  }}
                                >
+                                 Sri Harmandir Sahib
                                <h3
+                                 className="text-[11.5px] leading-[1.3] font-normal"
-                                 className="text-[11px] text-stone-700 leading-snug font-medium"
                                  style={{
+                                   fontFamily: "'Cormorant Garamond', serif"
+                                   color: "#292524"
+                                   letterSpacing: "0.02em"
-                                   font-family: "Cinzel, serif"
                                  }}
                                >
+                                 Coconut Laddu Grace
                            <div data-canvas-item={true} className="absolute c..." style={{left:"56%", ...}} ...>
                              <div
+                               className="w-full aspect-square overflow-hidden rounded-sm"
-                               className="w-full aspect-square overflow-hidden rounded-md"
                                style={{transform:"rotate(1.4..."}}
                              >
                                <div
+                                 className="w-full h-full transition-transform duration-500 ease-[cubic-bezier(0.25,0..."
-                                 className="w-full h-full transition-transform duration-700 ease-out group-hover:scal..."
                                  style={{backgroundImage:"url(/image...",backgroundSize:"cover",backgroundPosition:"center"}}
                                >
                              <div
                                data-canvas-info={true}
+                               className="mt-2.5 opacity-0 px-0.5"
-                               className="mt-2 opacity-0 px-0.5"
                              >
                                <p
+                                 className="text-[6.5px] uppercase tracking-[0.25em] mb-[3px] leading-none"
-                                 className="text-[7px] uppercase tracking-[0.2em] text-stone-400 mb-0.5"
                                  style={{
+                                   fontFamily: "'Outfit', sans-serif"
+                                   color: "rgba(120,113,108,0.7)"
                                  }}
                                >
+                                 Somnath
                                <h3
+                                 className="text-[11.5px] leading-[1.3] font-normal"
-                                 className="text-[11px] text-stone-700 leading-snug font-medium"
                                  style={{
+                                   fontFamily: "'Cormorant Garamond', serif"
+                                   color: "#292524"
+                                   letterSpacing: "0.02em"
-                                   font-family: "Cinzel, serif"
                                  }}
                                >
+                                 Dry Fruit Prasadam
                            <div data-canvas-item={true} className="absolute c..." style={{left:"78%", ...}} ...>
                              <div
+                               className="w-full aspect-square overflow-hidden rounded-sm"
-                               className="w-full aspect-square overflow-hidden rounded-md"
                                style={{transform:"rotate(-0...."}}
                              >
                                <div
+                                 className="w-full h-full transition-transform duration-500 ease-[cubic-bezier(0.25,0..."
-                                 className="w-full h-full transition-transform duration-700 ease-out group-hover:scal..."
                                  style={{backgroundImage:"url(/image...",backgroundSize:"cover",backgroundPosition:"center"}}
                                >
                              <div
                                data-canvas-info={true}
+                               className="mt-2.5 opacity-0 px-0.5"
-                               className="mt-2 opacity-0 px-0.5"
                              >
                                <p
+                                 className="text-[6.5px] uppercase tracking-[0.25em] mb-[3px] leading-none"
-                                 className="text-[7px] uppercase tracking-[0.2em] text-stone-400 mb-0.5"
                                  style={{
+                                   fontFamily: "'Outfit', sans-serif"
+                                   color: "rgba(120,113,108,0.7)"
                                  }}
                                >
+                                 Mahakaleshwar
                                <h3
+                                 className="text-[11.5px] leading-[1.3] font-normal"
-                                 className="text-[11px] text-stone-700 leading-snug font-medium"
                                  style={{
+                                   fontFamily: "'Cormorant Garamond', serif"
+                                   color: "#292524"
+                                   letterSpacing: "0.02em"
-                                   font-family: "Cinzel, serif"
                                  }}
                                >
+                                 Pink Laddu Offering
                            <div data-canvas-item={true} className="absolute c..." style={{left:"12%", ...}} ...>
                              <div
+                               className="w-full aspect-square overflow-hidden rounded-sm"
-                               className="w-full aspect-square overflow-hidden rounded-md"
                                style={{transform:"rotate(0.2..."}}
                              >
                                <div
+                                 className="w-full h-full transition-transform duration-500 ease-[cubic-bezier(0.25,0..."
-                                 className="w-full h-full transition-transform duration-700 ease-out group-hover:scal..."
                                  style={{backgroundImage:"url(/image...",backgroundSize:"cover",backgroundPosition:"center"}}
                                >
                              <div
                                data-canvas-info={true}
+                               className="mt-2.5 opacity-0 px-0.5"
-                               className="mt-2 opacity-0 px-0.5"
                              >
                                <p
+                                 className="text-[6.5px] uppercase tracking-[0.25em] mb-[3px] leading-none"
-                                 className="text-[7px] uppercase tracking-[0.2em] text-stone-400 mb-0.5"
                                  style={{
+                                   fontFamily: "'Outfit', sans-serif"
+                                   color: "rgba(120,113,108,0.7)"
                                  }}
                                >
+                                 Kashi Vishwanath
                                <h3
+                                 className="text-[11.5px] leading-[1.3] font-normal"
-                                 className="text-[11px] text-stone-700 leading-snug font-medium"
                                  style={{
+                                   fontFamily: "'Cormorant Garamond', serif"
+                                   color: "#292524"
+                                   letterSpacing: "0.02em"
-                                   font-family: "Cinzel, serif"
                                  }}
                                >
+                                 Millet Kheer Blessing
                            <div data-canvas-item={true} className="absolute c..." style={{left:"38%", ...}} ...>
                              <div
+                               className="w-full aspect-square overflow-hidden rounded-sm"
-                               className="w-full aspect-square overflow-hidden rounded-md"
                                style={{transform:"rotate(0.4..."}}
                              >
                                <div
+                                 className="w-full h-full transition-transform duration-500 ease-[cubic-bezier(0.25,0..."
-                                 className="w-full h-full transition-transform duration-700 ease-out group-hover:scal..."
                                  style={{backgroundImage:"url(/image...",backgroundSize:"cover",backgroundPosition:"center"}}
                                >
                              <div
                                data-canvas-info={true}
+                               className="mt-2.5 opacity-0 px-0.5"
-                               className="mt-2 opacity-0 px-0.5"
                              >
                                <p
+                                 className="text-[6.5px] uppercase tracking-[0.25em] mb-[3px] leading-none"
-                                 className="text-[7px] uppercase tracking-[0.2em] text-stone-400 mb-0.5"
                                  style={{
+                                   fontFamily: "'Outfit', sans-serif"
+                                   color: "rgba(120,113,108,0.7)"
                                  }}
                                >
+                                 Kedarnath
                                <h3
+                                 className="text-[11.5px] leading-[1.3] font-normal"
-                                 className="text-[11px] text-stone-700 leading-snug font-medium"
                                  style={{
+                                   fontFamily: "'Cormorant Garamond', serif"
+                                   color: "#292524"
+                                   letterSpacing: "0.02em"
-                                   font-family: "Cinzel, serif"
                                  }}
                                >
+                                 Coconut Laddu Prasad
                            <div data-canvas-item={true} className="absolute c..." style={{left:"63%", ...}} ...>
                              <div
+                               className="w-full aspect-square overflow-hidden rounded-sm"
-                               className="w-full aspect-square overflow-hidden rounded-md"
                                style={{transform:"rotate(-0...."}}
                              >
                                <div
+                                 className="w-full h-full transition-transform duration-500 ease-[cubic-bezier(0.25,0..."
-                                 className="w-full h-full transition-transform duration-700 ease-out group-hover:scal..."
                                  style={{backgroundImage:"url(/image...",backgroundSize:"cover",backgroundPosition:"center"}}
                                >
                              <div
                                data-canvas-info={true}
+                               className="mt-2.5 opacity-0 px-0.5"
-                               className="mt-2 opacity-0 px-0.5"
                              >
                                <p
+                                 className="text-[6.5px] uppercase tracking-[0.25em] mb-[3px] leading-none"
-                                 className="text-[7px] uppercase tracking-[0.2em] text-stone-400 mb-0.5"
                                  style={{
+                                   fontFamily: "'Outfit', sans-serif"
+                                   color: "rgba(120,113,108,0.7)"
                                  }}
                                >
+                                 Vaishno Devi
                                <h3
+                                 className="text-[11.5px] leading-[1.3] font-normal"
-                                 className="text-[11px] text-stone-700 leading-snug font-medium"
                                  style={{
+                                   fontFamily: "'Cormorant Garamond', serif"
+                                   color: "#292524"
+                                   letterSpacing: "0.02em"
-                                   font-family: "Cinzel, serif"
                                  }}
                                >
+                                 Panjiri Thali Sacred
                            <div data-canvas-item={true} className="absolute c..." style={{left:"86%", ...}} ...>
                              <div
+                               className="w-full aspect-square overflow-hidden rounded-sm"
-                               className="w-full aspect-square overflow-hidden rounded-md"
                                style={{transform:"rotate(1.2..."}}
                              >
                                <div
+                                 className="w-full h-full transition-transform duration-500 ease-[cubic-bezier(0.25,0..."
-                                 className="w-full h-full transition-transform duration-700 ease-out group-hover:scal..."
                                  style={{backgroundImage:"url(/image...",backgroundSize:"cover",backgroundPosition:"center"}}
                                >
                              <div
                                data-canvas-info={true}
+                               className="mt-2.5 opacity-0 px-0.5"
-                               className="mt-2 opacity-0 px-0.5"
                              >
                                <p
+                                 className="text-[6.5px] uppercase tracking-[0.25em] mb-[3px] leading-none"
-                                 className="text-[7px] uppercase tracking-[0.2em] text-stone-400 mb-0.5"
                                  style={{
+                                   fontFamily: "'Outfit', sans-serif"
+                                   color: "rgba(120,113,108,0.7)"
                                  }}
                                >
+                                 Tirumala Tirupati
                                <h3
+                                 className="text-[11.5px] leading-[1.3] font-normal"
-                                 className="text-[11px] text-stone-700 leading-snug font-medium"
                                  style={{
+                                   fontFamily: "'Cormorant Garamond', serif"
+                                   color: "#292524"
+                                   letterSpacing: "0.02em"
-                                   font-family: "Cinzel, serif"
                                  }}
                                >
+                                 Dry Fruit Sacred Box
                            <div data-canvas-item={true} className="absolute c..." style={{left:"5%", ...}} ...>
                              <div
+                               className="w-full aspect-square overflow-hidden rounded-sm"
-                               className="w-full aspect-square overflow-hidden rounded-md"
                                style={{transform:"rotate(0.7..."}}
                              >
                                <div
+                                 className="w-full h-full transition-transform duration-500 ease-[cubic-bezier(0.25,0..."
-                                 className="w-full h-full transition-transform duration-700 ease-out group-hover:scal..."
                                  style={{backgroundImage:"url(/image...",backgroundSize:"cover",backgroundPosition:"center"}}
                                >
                              <div
                                data-canvas-info={true}
+                               className="mt-2.5 opacity-0 px-0.5"
-                               className="mt-2 opacity-0 px-0.5"
                              >
                                <p
+                                 className="text-[6.5px] uppercase tracking-[0.25em] mb-[3px] leading-none"
-                                 className="text-[7px] uppercase tracking-[0.2em] text-stone-400 mb-0.5"
                                  style={{
+                                   fontFamily: "'Outfit', sans-serif"
+                                   color: "rgba(120,113,108,0.7)"
                                  }}
                                >
+                                 Omkleshwar
                                <h3
+                                 className="text-[11.5px] leading-[1.3] font-normal"
-                                 className="text-[11px] text-stone-700 leading-snug font-medium"
                                  style={{
+                                   fontFamily: "'Cormorant Garamond', serif"
+                                   color: "#292524"
+                                   letterSpacing: "0.02em"
-                                   font-family: "Cinzel, serif"
                                  }}
                                >
+                                 Pink Laddu Divine Gift
                            <div data-canvas-item={true} className="absolute c..." style={{left:"32%", ...}} ...>
                              <div
+                               className="w-full aspect-square overflow-hidden rounded-sm"
-                               className="w-full aspect-square overflow-hidden rounded-md"
                                style={{transform:"rotate(0.2..."}}
                              >
                                <div
+                                 className="w-full h-full transition-transform duration-500 ease-[cubic-bezier(0.25,0..."
-                                 className="w-full h-full transition-transform duration-700 ease-out group-hover:scal..."
                                  style={{backgroundImage:"url(/image...",backgroundSize:"cover",backgroundPosition:"center"}}
                                >
                              <div
                                data-canvas-info={true}
+                               className="mt-2.5 opacity-0 px-0.5"
-                               className="mt-2 opacity-0 px-0.5"
                              >
                                <p
+                                 className="text-[6.5px] uppercase tracking-[0.25em] mb-[3px] leading-none"
-                                 className="text-[7px] uppercase tracking-[0.2em] text-stone-400 mb-0.5"
                                  style={{
+                                   fontFamily: "'Outfit', sans-serif"
+                                   color: "rgba(120,113,108,0.7)"
                                  }}
                                >
+                                 Trimbakeshwar
                                <h3
+                                 className="text-[11.5px] leading-[1.3] font-normal"
-                                 className="text-[11px] text-stone-700 leading-snug font-medium"
                                  style={{
+                                   fontFamily: "'Cormorant Garamond', serif"
+                                   color: "#292524"
+                                   letterSpacing: "0.02em"
-                                   font-family: "Cinzel, serif"
                                  }}
                                >
+                                 Millet Kheer Harmony
                            <div data-canvas-item={true} className="absolute c..." style={{left:"58%", ...}} ...>
                              <div
+                               className="w-full aspect-square overflow-hidden rounded-sm"
-                               className="w-full aspect-square overflow-hidden rounded-md"
                                style={{transform:"rotate(-0...."}}
                              >
                                <div
+                                 className="w-full h-full transition-transform duration-500 ease-[cubic-bezier(0.25,0..."
-                                 className="w-full h-full transition-transform duration-700 ease-out group-hover:scal..."
                                  style={{backgroundImage:"url(/image...",backgroundSize:"cover",backgroundPosition:"center"}}
                                >
                              <div
                                data-canvas-info={true}
+                               className="mt-2.5 opacity-0 px-0.5"
-                               className="mt-2 opacity-0 px-0.5"
                              >
                                <p
+                                 className="text-[6.5px] uppercase tracking-[0.25em] mb-[3px] leading-none"
-                                 className="text-[7px] uppercase tracking-[0.2em] text-stone-400 mb-0.5"
                                  style={{
+                                   fontFamily: "'Outfit', sans-serif"
+                                   color: "rgba(120,113,108,0.7)"
                                  }}
                                >
+                                 Sri Harmandir Sahib
                                <h3
+                                 className="text-[11.5px] leading-[1.3] font-normal"
-                                 className="text-[11px] text-stone-700 leading-snug font-medium"
                                  style={{
+                                   fontFamily: "'Cormorant Garamond', serif"
+                                   color: "#292524"
+                                   letterSpacing: "0.02em"
-                                   font-family: "Cinzel, serif"
                                  }}
                                >
+                                 Coconut Laddu Grace
              ...
            ...
 @ webpack-internal:///(app-pages-browser)/./node_modules/next/dist/next-devtools/userspace/app/errors/intercept-console-error.js:57
[  333414ms] [LOG] [Fast Refresh] rebuilding @ webpack-internal:///(app-pages-browser)/./node_modules/next/dist/next-devtools/shared/forward-logs-shared.js:27
[  338304ms] [LOG] [Fast Refresh] done in 4899ms @ webpack-internal:///(app-pages-browser)/./node_modules/next/dist/next-devtools/shared/forward-logs-shared.js:27
[  346673ms] [LOG] [Fast Refresh] rebuilding @ webpack-internal:///(app-pages-browser)/./node_modules/next/dist/next-devtools/shared/forward-logs-shared.js:27
[  347290ms] [LOG] [Fast Refresh] done in 616ms @ webpack-internal:///(app-pages-browser)/./node_modules/next/dist/next-devtools/shared/forward-logs-shared.js:27
[  347373ms] [LOG] [Fast Refresh] rebuilding @ webpack-internal:///(app-pages-browser)/./node_modules/next/dist/next-devtools/shared/forward-logs-shared.js:27
[  347780ms] [LOG] [Fast Refresh] done in 406ms @ webpack-internal:///(app-pages-browser)/./node_modules/next/dist/next-devtools/shared/forward-logs-shared.js:27
